// Jest Snapshot v1, https://goo.gl/fbAQLP

exports[`should match snapshot 1`] = `
<div>
  2020-01-01T03:01:01.000Z
</div>
`;
